// Jest Snapshot v1, https://goo.gl/fbAQLP

exports[`Check if image component renders image component renders 1`] = `ShallowWrapper {}`;
